uporte@suporte:~/Área de Trabalho/git/meat$ git clone https://github.com/MauroIko/meat/blob/master/primeiro
fatal: destination path 'primeiro' already exists and is not an empty directory.
suporte@suporte:~/Área de Trabalho/git/meat$ vim primeiro
suporte@suporte:~/Área de Trabalho/git/meat$ git status
No ramo master
Your branch is up-to-date with 'origin/master'.
Changes not staged for commit:
  (utilize "git add <arquivo>..." para atualizar o que será submetido)
  (utilize "git checkout -- <arquivo>..." para descartar mudanças no diretório de trabalho)

	modified:   primeiro

nenhuma modificação adicionada à submissão (utilize "git add" e/ou "git commit -a")
suporte@suporte:~/Área de Trabalho/git/meat$ vi primeiro
suporte@suporte:~/Área de Trabalho/git/meat$ ./primeiro
10 Comandos 
	1- 'git init' gera um repositório
	2- 'git clone' clona uma pasta de algum repositório
	3- 'git add' adiciona alterações no arquivo selecionado
	4- 'git commit -m' faz a confitmação da alteração feita no passo anterior 
	5- 'git push'  envia as alterações para o repositório remoto
	6- 'git status' verifica se o arquivo foi modificado
suporte@suporte:~/Área de Trabalho/git/meat$ git add primeiro
suporte@suporte:~/Área de Trabalho/git/meat$ git commit -m "Estamos aprendendo \\0//"
[master d686670] Estamos aprendendo \0//
 1 file changed, 8 insertions(+), 1 deletion(-)
suporte@suporte:~/Área de Trabalho/git/meat$ git push
warning: push.default is unset; its implicit value has changed in
Git 2.0 from 'matching' to 'simple'. To squelch this message
and maintain the traditional behavior, use:

  git config --global push.default matching

To squelch this message and adopt the new behavior now, use:

  git config --global push.default simple

When push.default is set to 'matching', git will push local branches
to the remote branches that already exist with the same name.

Since Git 2.0, Git defaults to the more conservative 'simple'
behavior, which only pushes the current branch to the corresponding
remote branch that 'git pull' uses to update the current branch.

See 'git help config' and search for 'push.default' for further information.
(the 'simple' mode was introduced in Git 1.7.11. Use the similar mode
'current' instead of 'simple' if you sometimes use older versions of Git)

Username for 'https://github.com': MauroIko
Password for 'https://MauroIko@github.com': 
remote: Invalid username or password.
fatal: Authentication failed for 'https://github.com/MauroIko/meat/'
suporte@suporte:~/Área de Trabalho/git/meat$ git push
warning: push.default is unset; its implicit value has changed in
Git 2.0 from 'matching' to 'simple'. To squelch this message
and maintain the traditional behavior, use:

  git config --global push.default matching

To squelch this message and adopt the new behavior now, use:

  git config --global push.default simple

When push.default is set to 'matching', git will push local branches
to the remote branches that already exist with the same name.

Since Git 2.0, Git defaults to the more conservative 'simple'
behavior, which only pushes the current branch to the corresponding
remote branch that 'git pull' uses to update the current branch.

See 'git help config' and search for 'push.default' for further information.
(the 'simple' mode was introduced in Git 1.7.11. Use the similar mode
'current' instead of 'simple' if you sometimes use older versions of Git)

Username for 'https://github.com': MauroIko
Password for 'https://MauroIko@github.com': 
Counting objects: 3, done.
Delta compression using up to 4 threads.
Compressing objects: 100% (2/2), done.
Writing objects: 100% (3/3), 480 bytes | 0 bytes/s, done.
Total 3 (delta 0), reused 0 (delta 0)
To https://github.com/MauroIko/meat
   f18188e..d686670  master -> master
suporte@suporte:~/Área de Trabalho/git/meat$ git status
No ramo master
Your branch is up-to-date with 'origin/master'.
nada a submeter, diretório de trabalho vazio
suporte@suporte:~/Área de Trabalho/git/meat$ touch segundo
suporte@suporte:~/Área de Trabalho/git/meat$ vi segundo
suporte@suporte:~/Área de Trabalho/git/meat$ ls
primeiro  segundo
suporte@suporte:~/Área de Trabalho/git/meat$ sudo chmod +x segundo
[sudo] senha para suporte: 
suporte@suporte:~/Área de Trabalho/git/meat$ git status
No ramo master
Your branch is up-to-date with 'origin/master'.
Arquivos não monitorados:
  (utilize "git add <arquivo>..." para incluir o que será submetido)

	segundo

nada adicionado ao envio mas arquivos não registrados estão presentes (use "git add" to registrar)
suporte@suporte:~/Área de Trabalho/git/meat$ ls
primeiro  segundo
suporte@suporte:~/Área de Trabalho/git/meat$ git status
No ramo master
Your branch is up-to-date with 'origin/master'.
Arquivos não monitorados:
  (utilize "git add <arquivo>..." para incluir o que será submetido)

	segundo

nada adicionado ao envio mas arquivos não registrados estão presentes (use "git add" to registrar)
suporte@suporte:~/Área de Trabalho/git/meat$ git status segundo
No ramo master
Your branch is up-to-date with 'origin/master'.
Arquivos não monitorados:
  (utilize "git add <arquivo>..." para incluir o que será submetido)

	segundo

nada adicionado ao envio mas arquivos não registrados estão presentes (use "git add" to registrar)
suporte@suporte:~/Área de Trabalho/git/meat$ git status primeiro
No ramo master
Your branch is up-to-date with 'origin/master'.
nada a submeter, diretório de trabalho vazio
suporte@suporte:~/Área de Trabalho/git/meat$ git add segundo
suporte@suporte:~/Área de Trabalho/git/meat$ git commit -m "Tenho que pesquisar muito mais"
[master 05f1a1d] Tenho que pesquisar muito mais
 1 file changed, 2 insertions(+)
 create mode 100755 segundo
suporte@suporte:~/Área de Trabalho/git/meat$ git push
warning: push.default is unset; its implicit value has changed in
Git 2.0 from 'matching' to 'simple'. To squelch this message
and maintain the traditional behavior, use:

  git config --global push.default matching

To squelch this message and adopt the new behavior now, use:

  git config --global push.default simple

When push.default is set to 'matching', git will push local branches
to the remote branches that already exist with the same name.

Since Git 2.0, Git defaults to the more conservative 'simple'
behavior, which only pushes the current branch to the corresponding
remote branch that 'git pull' uses to update the current branch.

See 'git help config' and search for 'push.default' for further information.
(the 'simple' mode was introduced in Git 1.7.11. Use the similar mode
'current' instead of 'simple' if you sometimes use older versions of Git)

Username for 'https://github.com': MauroIko
Password for 'https://MauroIko@github.com': 
remote: Invalid username or password.
fatal: Authentication failed for 'https://github.com/MauroIko/meat/'
suporte@suporte:~/Área de Trabalho/git/meat$ git push
warning: push.default is unset; its implicit value has changed in
Git 2.0 from 'matching' to 'simple'. To squelch this message
and maintain the traditional behavior, use:

  git config --global push.default matching

To squelch this message and adopt the new behavior now, use:

  git config --global push.default simple

When push.default is set to 'matching', git will push local branches
to the remote branches that already exist with the same name.

Since Git 2.0, Git defaults to the more conservative 'simple'
behavior, which only pushes the current branch to the corresponding
remote branch that 'git pull' uses to update the current branch.

See 'git help config' and search for 'push.default' for further information.
(the 'simple' mode was introduced in Git 1.7.11. Use the similar mode
'current' instead of 'simple' if you sometimes use older versions of Git)

Username for 'https://github.com': MauroIko
Password for 'https://MauroIko@github.com': 
Counting objects: 3, done.
Delta compression using up to 4 threads.
Compressing objects: 100% (3/3), done.
Writing objects: 100% (3/3), 347 bytes | 0 bytes/s, done.
Total 3 (delta 0), reused 0 (delta 0)
To https://github.com/MauroIko/meat
   d686670..05f1a1d  master -> master
suporte@suporte:~/Área de Trabalho/git/meat$ git status
No ramo master
Your branch is up-to-date with 'origin/master'.
nada a submeter, diretório de trabalho vazio
suporte@suporte:~/Área de Trabalho/git/meat$ git add primeiro 
suporte@suporte:~/Área de Trabalho/git/meat$ git add segundo 
suporte@suporte:~/Área de Trabalho/git/meat$ git status
No ramo master
Your branch is up-to-date with 'origin/master'.
nada a submeter, diretório de trabalho vazio
suporte@suporte:~/Área de Trabalho/git/meat$ ls
primeiro  segundo
suporte@suporte:~/Área de Trabalho/git/meat$ cd ..
suporte@suporte:~/Área de Trabalho/git$ ls
bar  meat  n  n.pub
suporte@suporte:~/Área de Trabalho/git$ 

